0 / 3 = 0, 0 % 3 = 0
1 / 3 = 0, 1 % 3 = 1
2 / 3 = 0, 2 % 3 = 2
3 / 3 = 1, 3 % 3 = 0
4 / 3 = 1, 4 % 3 = 1
5 / 3 = 1, 5 % 3 = 2
6 / 3 = 2, 6 % 3 = 0
7 / 3 = 2, 7 % 3 = 1
8 / 3 = 2, 8 % 3 = 2
9 / 3 = 3, 9 % 3 = 0
10 / 3 = 3, 10 % 3 = 1
11 / 3 = 3, 11 % 3 = 2
